<html>
<body>
<pre>
<h1>礦ision Build Log</h1>
<h2>Project:</h2>
D:\王均伟\电能\ADE7878_NUC422_Softwave\NUC472_NUC442_BSP_CMSIS_V3.01.000\NUC400SeriesBSP_CMSIS_V3.01.000\SampleCode\StdDriver\Timer_Periodic\Keil\Timer_Periodic.uvproj
Project File Date:  05/29/2014

<h2>Output:</h2>
Build target 'Timer_Periodic'
creating preprocessor file for system_NUC472_442.c...
compiling system_NUC472_442.c...
assembling startup_NUC472_442.s...
creating preprocessor file for main.c...
compiling main.c...
creating preprocessor file for clk.c...
compiling clk.c...
creating preprocessor file for retarget.c...
compiling retarget.c...
creating preprocessor file for sys.c...
compiling sys.c...
creating preprocessor file for uart.c...
compiling uart.c...
creating preprocessor file for timer.c...
compiling timer.c...
linking...
Program Size: Code=4588 RO-data=796 RW-data=48 ZI-data=2048  
User command #1: fromelf --bin ".\obj\Timer.axf" --output ".\obj\Timer.bin"
User command #2: fromelf --text -c ".\obj\Timer.axf" --output ".\obj\Timer.txt"
".\obj\Timer.axf" - 0 Error(s), 0 Warning(s).
